// Jest Snapshot v1, https://jestjs.io/docs/snapshot-testing

exports[`PostsPage Integration Tests renders correctly 1`] = `
<div>
  <div
    class="MuiContainer-root MuiContainer-maxWidthLg css-xsov46-MuiContainer-root"
  >
    <div
      class="MuiBox-root css-1yjvs5a"
    >
      <h1
        class="MuiTypography-root MuiTypography-h3 MuiTypography-gutterBottom css-uynfxu-MuiTypography-root"
      >
        Posts Management
      </h1>
      <h6
        class="MuiTypography-root MuiTypography-h6 css-gt8k4n-MuiTypography-root"
      >
        Demonstrating MVC architecture with React, TanStack Query, and Material-UI
      </h6>
    </div>
    <div
      class="MuiBox-root css-0"
    >
      <div>
        <div
          class="MuiPaper-root MuiPaper-elevation MuiPaper-rounded MuiPaper-elevation2 MuiCard-root css-1ypifsw-MuiPaper-root-MuiCard-root"
          style="--Paper-shadow: 0px 3px 1px -2px rgba(0,0,0,0.2),0px 2px 2px 0px rgba(0,0,0,0.14),0px 1px 5px 0px rgba(0,0,0,0.12);"
        >
          <div
            class="MuiCardContent-root css-1lt5qva-MuiCardContent-root"
          >
            <div
              class="MuiBox-root css-0"
            >
              <div
                class="MuiBox-root css-21y1cj"
              >
                <h3
                  class="MuiTypography-root MuiTypography-h6 css-1vjfruo-MuiTypography-root"
                >
                  Test Post Title
                </h3>
                <div
                  class="MuiChip-root MuiChip-outlined MuiChip-sizeSmall MuiChip-colorPrimary MuiChip-outlinedPrimary css-19gasz3-MuiChip-root"
                >
                  <span
                    class="MuiChip-label MuiChip-labelSmall css-19m61dl-MuiChip-label"
                  >
                    Post #1
                  </span>
                </div>
              </div>
              <p
                class="MuiTypography-root MuiTypography-body2 css-19b5ozw-MuiTypography-root"
              >
                This is a test post body with some content to display.
              </p>
              <div
                class="MuiChip-root MuiChip-outlined MuiChip-sizeSmall MuiChip-colorSecondary MuiChip-outlinedSecondary css-1klajg7-MuiChip-root"
              >
                <span
                  class="MuiChip-label MuiChip-labelSmall css-19m61dl-MuiChip-label"
                >
                  User 1
                </span>
              </div>
            </div>
          </div>
          <div
            class="MuiCardActions-root MuiCardActions-spacing css-15xmi91-MuiCardActions-root"
          >
            <div
              class="MuiBox-root css-1i27l4i"
            >
              <button
                aria-label="edit post"
                class="MuiButtonBase-root MuiButton-root MuiButton-outlined MuiButton-outlinedPrimary MuiButton-sizeSmall MuiButton-outlinedSizeSmall MuiButton-colorPrimary MuiButton-root MuiButton-outlined MuiButton-outlinedPrimary MuiButton-sizeSmall MuiButton-outlinedSizeSmall MuiButton-colorPrimary css-wyro15-MuiButtonBase-root-MuiButton-root"
                tabindex="0"
                type="button"
              >
                <span
                  class="MuiButton-icon MuiButton-startIcon MuiButton-iconSizeSmall css-d8i980-MuiButton-startIcon"
                >
                  <svg
                    aria-hidden="true"
                    class="MuiSvgIcon-root MuiSvgIcon-fontSizeMedium css-1umw9bq-MuiSvgIcon-root"
                    data-testid="EditIcon"
                    focusable="false"
                    viewBox="0 0 24 24"
                  >
                    <path
                      d="M3 17.25V21h3.75L17.81 9.94l-3.75-3.75zM20.71 7.04c.39-.39.39-1.02 0-1.41l-2.34-2.34a.996.996 0 0 0-1.41 0l-1.83 1.83 3.75 3.75z"
                    />
                  </svg>
                </span>
                Edit
              </button>
            </div>
            <button
              aria-label="delete post"
              class="MuiButtonBase-root MuiButton-root MuiButton-outlined MuiButton-outlinedError MuiButton-sizeSmall MuiButton-outlinedSizeSmall MuiButton-colorError MuiButton-root MuiButton-outlined MuiButton-outlinedError MuiButton-sizeSmall MuiButton-outlinedSizeSmall MuiButton-colorError css-1vvreb9-MuiButtonBase-root-MuiButton-root"
              tabindex="0"
              type="button"
            >
              <span
                class="MuiButton-icon MuiButton-startIcon MuiButton-iconSizeSmall css-d8i980-MuiButton-startIcon"
              >
                <svg
                  aria-hidden="true"
                  class="MuiSvgIcon-root MuiSvgIcon-fontSizeMedium css-1umw9bq-MuiSvgIcon-root"
                  data-testid="DeleteIcon"
                  focusable="false"
                  viewBox="0 0 24 24"
                >
                  <path
                    d="M6 19c0 1.1.9 2 2 2h8c1.1 0 2-.9 2-2V7H6zM19 4h-3.5l-1-1h-5l-1 1H5v2h14z"
                  />
                </svg>
              </span>
              Delete
            </button>
          </div>
        </div>
      </div>
      <div>
        <div
          class="MuiPaper-root MuiPaper-elevation MuiPaper-rounded MuiPaper-elevation2 MuiCard-root css-1ypifsw-MuiPaper-root-MuiCard-root"
          style="--Paper-shadow: 0px 3px 1px -2px rgba(0,0,0,0.2),0px 2px 2px 0px rgba(0,0,0,0.14),0px 1px 5px 0px rgba(0,0,0,0.12);"
        >
          <div
            class="MuiCardContent-root css-1lt5qva-MuiCardContent-root"
          >
            <div
              class="MuiBox-root css-0"
            >
              <div
                class="MuiBox-root css-21y1cj"
              >
                <h3
                  class="MuiTypography-root MuiTypography-h6 css-1vjfruo-MuiTypography-root"
                >
                  Another Test Post
                </h3>
                <div
                  class="MuiChip-root MuiChip-outlined MuiChip-sizeSmall MuiChip-colorPrimary MuiChip-outlinedPrimary css-19gasz3-MuiChip-root"
                >
                  <span
                    class="MuiChip-label MuiChip-labelSmall css-19m61dl-MuiChip-label"
                  >
                    Post #2
                  </span>
                </div>
              </div>
              <p
                class="MuiTypography-root MuiTypography-body2 css-19b5ozw-MuiTypography-root"
              >
                This is another test post with different content.
              </p>
              <div
                class="MuiChip-root MuiChip-outlined MuiChip-sizeSmall MuiChip-colorSecondary MuiChip-outlinedSecondary css-1klajg7-MuiChip-root"
              >
                <span
                  class="MuiChip-label MuiChip-labelSmall css-19m61dl-MuiChip-label"
                >
                  User 1
                </span>
              </div>
            </div>
          </div>
          <div
            class="MuiCardActions-root MuiCardActions-spacing css-15xmi91-MuiCardActions-root"
          >
            <div
              class="MuiBox-root css-1i27l4i"
            >
              <button
                aria-label="edit post"
                class="MuiButtonBase-root MuiButton-root MuiButton-outlined MuiButton-outlinedPrimary MuiButton-sizeSmall MuiButton-outlinedSizeSmall MuiButton-colorPrimary MuiButton-root MuiButton-outlined MuiButton-outlinedPrimary MuiButton-sizeSmall MuiButton-outlinedSizeSmall MuiButton-colorPrimary css-wyro15-MuiButtonBase-root-MuiButton-root"
                tabindex="0"
                type="button"
              >
                <span
                  class="MuiButton-icon MuiButton-startIcon MuiButton-iconSizeSmall css-d8i980-MuiButton-startIcon"
                >
                  <svg
                    aria-hidden="true"
                    class="MuiSvgIcon-root MuiSvgIcon-fontSizeMedium css-1umw9bq-MuiSvgIcon-root"
                    data-testid="EditIcon"
                    focusable="false"
                    viewBox="0 0 24 24"
                  >
                    <path
                      d="M3 17.25V21h3.75L17.81 9.94l-3.75-3.75zM20.71 7.04c.39-.39.39-1.02 0-1.41l-2.34-2.34a.996.996 0 0 0-1.41 0l-1.83 1.83 3.75 3.75z"
                    />
                  </svg>
                </span>
                Edit
              </button>
            </div>
            <button
              aria-label="delete post"
              class="MuiButtonBase-root MuiButton-root MuiButton-outlined MuiButton-outlinedError MuiButton-sizeSmall MuiButton-outlinedSizeSmall MuiButton-colorError MuiButton-root MuiButton-outlined MuiButton-outlinedError MuiButton-sizeSmall MuiButton-outlinedSizeSmall MuiButton-colorError css-1vvreb9-MuiButtonBase-root-MuiButton-root"
              tabindex="0"
              type="button"
            >
              <span
                class="MuiButton-icon MuiButton-startIcon MuiButton-iconSizeSmall css-d8i980-MuiButton-startIcon"
              >
                <svg
                  aria-hidden="true"
                  class="MuiSvgIcon-root MuiSvgIcon-fontSizeMedium css-1umw9bq-MuiSvgIcon-root"
                  data-testid="DeleteIcon"
                  focusable="false"
                  viewBox="0 0 24 24"
                >
                  <path
                    d="M6 19c0 1.1.9 2 2 2h8c1.1 0 2-.9 2-2V7H6zM19 4h-3.5l-1-1h-5l-1 1H5v2h14z"
                  />
                </svg>
              </span>
              Delete
            </button>
          </div>
        </div>
      </div>
      <div>
        <div
          class="MuiPaper-root MuiPaper-elevation MuiPaper-rounded MuiPaper-elevation2 MuiCard-root css-1ypifsw-MuiPaper-root-MuiCard-root"
          style="--Paper-shadow: 0px 3px 1px -2px rgba(0,0,0,0.2),0px 2px 2px 0px rgba(0,0,0,0.14),0px 1px 5px 0px rgba(0,0,0,0.12);"
        >
          <div
            class="MuiCardContent-root css-1lt5qva-MuiCardContent-root"
          >
            <div
              class="MuiBox-root css-0"
            >
              <div
                class="MuiBox-root css-21y1cj"
              >
                <h3
                  class="MuiTypography-root MuiTypography-h6 css-1vjfruo-MuiTypography-root"
                >
                  Jane's Post
                </h3>
                <div
                  class="MuiChip-root MuiChip-outlined MuiChip-sizeSmall MuiChip-colorPrimary MuiChip-outlinedPrimary css-19gasz3-MuiChip-root"
                >
                  <span
                    class="MuiChip-label MuiChip-labelSmall css-19m61dl-MuiChip-label"
                  >
                    Post #3
                  </span>
                </div>
              </div>
              <p
                class="MuiTypography-root MuiTypography-body2 css-19b5ozw-MuiTypography-root"
              >
                A post written by Jane Smith about various topics.
              </p>
              <div
                class="MuiChip-root MuiChip-outlined MuiChip-sizeSmall MuiChip-colorSecondary MuiChip-outlinedSecondary css-1klajg7-MuiChip-root"
              >
                <span
                  class="MuiChip-label MuiChip-labelSmall css-19m61dl-MuiChip-label"
                >
                  User 2
                </span>
              </div>
            </div>
          </div>
          <div
            class="MuiCardActions-root MuiCardActions-spacing css-15xmi91-MuiCardActions-root"
          >
            <div
              class="MuiBox-root css-1i27l4i"
            >
              <button
                aria-label="edit post"
                class="MuiButtonBase-root MuiButton-root MuiButton-outlined MuiButton-outlinedPrimary MuiButton-sizeSmall MuiButton-outlinedSizeSmall MuiButton-colorPrimary MuiButton-root MuiButton-outlined MuiButton-outlinedPrimary MuiButton-sizeSmall MuiButton-outlinedSizeSmall MuiButton-colorPrimary css-wyro15-MuiButtonBase-root-MuiButton-root"
                tabindex="0"
                type="button"
              >
                <span
                  class="MuiButton-icon MuiButton-startIcon MuiButton-iconSizeSmall css-d8i980-MuiButton-startIcon"
                >
                  <svg
                    aria-hidden="true"
                    class="MuiSvgIcon-root MuiSvgIcon-fontSizeMedium css-1umw9bq-MuiSvgIcon-root"
                    data-testid="EditIcon"
                    focusable="false"
                    viewBox="0 0 24 24"
                  >
                    <path
                      d="M3 17.25V21h3.75L17.81 9.94l-3.75-3.75zM20.71 7.04c.39-.39.39-1.02 0-1.41l-2.34-2.34a.996.996 0 0 0-1.41 0l-1.83 1.83 3.75 3.75z"
                    />
                  </svg>
                </span>
                Edit
              </button>
            </div>
            <button
              aria-label="delete post"
              class="MuiButtonBase-root MuiButton-root MuiButton-outlined MuiButton-outlinedError MuiButton-sizeSmall MuiButton-outlinedSizeSmall MuiButton-colorError MuiButton-root MuiButton-outlined MuiButton-outlinedError MuiButton-sizeSmall MuiButton-outlinedSizeSmall MuiButton-colorError css-1vvreb9-MuiButtonBase-root-MuiButton-root"
              tabindex="0"
              type="button"
            >
              <span
                class="MuiButton-icon MuiButton-startIcon MuiButton-iconSizeSmall css-d8i980-MuiButton-startIcon"
              >
                <svg
                  aria-hidden="true"
                  class="MuiSvgIcon-root MuiSvgIcon-fontSizeMedium css-1umw9bq-MuiSvgIcon-root"
                  data-testid="DeleteIcon"
                  focusable="false"
                  viewBox="0 0 24 24"
                >
                  <path
                    d="M6 19c0 1.1.9 2 2 2h8c1.1 0 2-.9 2-2V7H6zM19 4h-3.5l-1-1h-5l-1 1H5v2h14z"
                  />
                </svg>
              </span>
              Delete
            </button>
          </div>
        </div>
      </div>
      <div>
        <div
          class="MuiPaper-root MuiPaper-elevation MuiPaper-rounded MuiPaper-elevation2 MuiCard-root css-1ypifsw-MuiPaper-root-MuiCard-root"
          style="--Paper-shadow: 0px 3px 1px -2px rgba(0,0,0,0.2),0px 2px 2px 0px rgba(0,0,0,0.14),0px 1px 5px 0px rgba(0,0,0,0.12);"
        >
          <div
            class="MuiCardContent-root css-1lt5qva-MuiCardContent-root"
          >
            <div
              class="MuiBox-root css-0"
            >
              <div
                class="MuiBox-root css-21y1cj"
              >
                <h3
                  class="MuiTypography-root MuiTypography-h6 css-1vjfruo-MuiTypography-root"
                >
                  Understanding React Hooks
                </h3>
                <div
                  class="MuiChip-root MuiChip-outlined MuiChip-sizeSmall MuiChip-colorPrimary MuiChip-outlinedPrimary css-19gasz3-MuiChip-root"
                >
                  <span
                    class="MuiChip-label MuiChip-labelSmall css-19m61dl-MuiChip-label"
                  >
                    Post #4
                  </span>
                </div>
              </div>
              <p
                class="MuiTypography-root MuiTypography-body2 css-19b5ozw-MuiTypography-root"
              >
                React Hooks have revolutionized how we write components. This post explores the most commonly used hooks and their practical applications.
              </p>
              <div
                class="MuiChip-root MuiChip-outlined MuiChip-sizeSmall MuiChip-colorSecondary MuiChip-outlinedSecondary css-1klajg7-MuiChip-root"
              >
                <span
                  class="MuiChip-label MuiChip-labelSmall css-19m61dl-MuiChip-label"
                >
                  User 1
                </span>
              </div>
            </div>
          </div>
          <div
            class="MuiCardActions-root MuiCardActions-spacing css-15xmi91-MuiCardActions-root"
          >
            <div
              class="MuiBox-root css-1i27l4i"
            >
              <button
                aria-label="edit post"
                class="MuiButtonBase-root MuiButton-root MuiButton-outlined MuiButton-outlinedPrimary MuiButton-sizeSmall MuiButton-outlinedSizeSmall MuiButton-colorPrimary MuiButton-root MuiButton-outlined MuiButton-outlinedPrimary MuiButton-sizeSmall MuiButton-outlinedSizeSmall MuiButton-colorPrimary css-wyro15-MuiButtonBase-root-MuiButton-root"
                tabindex="0"
                type="button"
              >
                <span
                  class="MuiButton-icon MuiButton-startIcon MuiButton-iconSizeSmall css-d8i980-MuiButton-startIcon"
                >
                  <svg
                    aria-hidden="true"
                    class="MuiSvgIcon-root MuiSvgIcon-fontSizeMedium css-1umw9bq-MuiSvgIcon-root"
                    data-testid="EditIcon"
                    focusable="false"
                    viewBox="0 0 24 24"
                  >
                    <path
                      d="M3 17.25V21h3.75L17.81 9.94l-3.75-3.75zM20.71 7.04c.39-.39.39-1.02 0-1.41l-2.34-2.34a.996.996 0 0 0-1.41 0l-1.83 1.83 3.75 3.75z"
                    />
                  </svg>
                </span>
                Edit
              </button>
            </div>
            <button
              aria-label="delete post"
              class="MuiButtonBase-root MuiButton-root MuiButton-outlined MuiButton-outlinedError MuiButton-sizeSmall MuiButton-outlinedSizeSmall MuiButton-colorError MuiButton-root MuiButton-outlined MuiButton-outlinedError MuiButton-sizeSmall MuiButton-outlinedSizeSmall MuiButton-colorError css-1vvreb9-MuiButtonBase-root-MuiButton-root"
              tabindex="0"
              type="button"
            >
              <span
                class="MuiButton-icon MuiButton-startIcon MuiButton-iconSizeSmall css-d8i980-MuiButton-startIcon"
              >
                <svg
                  aria-hidden="true"
                  class="MuiSvgIcon-root MuiSvgIcon-fontSizeMedium css-1umw9bq-MuiSvgIcon-root"
                  data-testid="DeleteIcon"
                  focusable="false"
                  viewBox="0 0 24 24"
                >
                  <path
                    d="M6 19c0 1.1.9 2 2 2h8c1.1 0 2-.9 2-2V7H6zM19 4h-3.5l-1-1h-5l-1 1H5v2h14z"
                  />
                </svg>
              </span>
              Delete
            </button>
          </div>
        </div>
      </div>
      <div>
        <div
          class="MuiPaper-root MuiPaper-elevation MuiPaper-rounded MuiPaper-elevation2 MuiCard-root css-1ypifsw-MuiPaper-root-MuiCard-root"
          style="--Paper-shadow: 0px 3px 1px -2px rgba(0,0,0,0.2),0px 2px 2px 0px rgba(0,0,0,0.14),0px 1px 5px 0px rgba(0,0,0,0.12);"
        >
          <div
            class="MuiCardContent-root css-1lt5qva-MuiCardContent-root"
          >
            <div
              class="MuiBox-root css-0"
            >
              <div
                class="MuiBox-root css-21y1cj"
              >
                <h3
                  class="MuiTypography-root MuiTypography-h6 css-1vjfruo-MuiTypography-root"
                >
                  Building Scalable APIs
                </h3>
                <div
                  class="MuiChip-root MuiChip-outlined MuiChip-sizeSmall MuiChip-colorPrimary MuiChip-outlinedPrimary css-19gasz3-MuiChip-root"
                >
                  <span
                    class="MuiChip-label MuiChip-labelSmall css-19m61dl-MuiChip-label"
                  >
                    Post #5
                  </span>
                </div>
              </div>
              <p
                class="MuiTypography-root MuiTypography-body2 css-19b5ozw-MuiTypography-root"
              >
                A comprehensive guide to building APIs that can handle growth and maintain performance as your application scales.
              </p>
              <div
                class="MuiChip-root MuiChip-outlined MuiChip-sizeSmall MuiChip-colorSecondary MuiChip-outlinedSecondary css-1klajg7-MuiChip-root"
              >
                <span
                  class="MuiChip-label MuiChip-labelSmall css-19m61dl-MuiChip-label"
                >
                  User 2
                </span>
              </div>
            </div>
          </div>
          <div
            class="MuiCardActions-root MuiCardActions-spacing css-15xmi91-MuiCardActions-root"
          >
            <div
              class="MuiBox-root css-1i27l4i"
            >
              <button
                aria-label="edit post"
                class="MuiButtonBase-root MuiButton-root MuiButton-outlined MuiButton-outlinedPrimary MuiButton-sizeSmall MuiButton-outlinedSizeSmall MuiButton-colorPrimary MuiButton-root MuiButton-outlined MuiButton-outlinedPrimary MuiButton-sizeSmall MuiButton-outlinedSizeSmall MuiButton-colorPrimary css-wyro15-MuiButtonBase-root-MuiButton-root"
                tabindex="0"
                type="button"
              >
                <span
                  class="MuiButton-icon MuiButton-startIcon MuiButton-iconSizeSmall css-d8i980-MuiButton-startIcon"
                >
                  <svg
                    aria-hidden="true"
                    class="MuiSvgIcon-root MuiSvgIcon-fontSizeMedium css-1umw9bq-MuiSvgIcon-root"
                    data-testid="EditIcon"
                    focusable="false"
                    viewBox="0 0 24 24"
                  >
                    <path
                      d="M3 17.25V21h3.75L17.81 9.94l-3.75-3.75zM20.71 7.04c.39-.39.39-1.02 0-1.41l-2.34-2.34a.996.996 0 0 0-1.41 0l-1.83 1.83 3.75 3.75z"
                    />
                  </svg>
                </span>
                Edit
              </button>
            </div>
            <button
              aria-label="delete post"
              class="MuiButtonBase-root MuiButton-root MuiButton-outlined MuiButton-outlinedError MuiButton-sizeSmall MuiButton-outlinedSizeSmall MuiButton-colorError MuiButton-root MuiButton-outlined MuiButton-outlinedError MuiButton-sizeSmall MuiButton-outlinedSizeSmall MuiButton-colorError css-1vvreb9-MuiButtonBase-root-MuiButton-root"
              tabindex="0"
              type="button"
            >
              <span
                class="MuiButton-icon MuiButton-startIcon MuiButton-iconSizeSmall css-d8i980-MuiButton-startIcon"
              >
                <svg
                  aria-hidden="true"
                  class="MuiSvgIcon-root MuiSvgIcon-fontSizeMedium css-1umw9bq-MuiSvgIcon-root"
                  data-testid="DeleteIcon"
                  focusable="false"
                  viewBox="0 0 24 24"
                >
                  <path
                    d="M6 19c0 1.1.9 2 2 2h8c1.1 0 2-.9 2-2V7H6zM19 4h-3.5l-1-1h-5l-1 1H5v2h14z"
                  />
                </svg>
              </span>
              Delete
            </button>
          </div>
        </div>
      </div>
    </div>
    <button
      aria-label="add post"
      class="MuiButtonBase-root MuiFab-root MuiFab-circular MuiFab-sizeLarge MuiFab-primary MuiFab-root MuiFab-circular MuiFab-sizeLarge MuiFab-primary css-6vxf02-MuiButtonBase-root-MuiFab-root"
      tabindex="0"
      type="button"
    >
      <svg
        aria-hidden="true"
        class="MuiSvgIcon-root MuiSvgIcon-fontSizeMedium css-1umw9bq-MuiSvgIcon-root"
        data-testid="AddIcon"
        focusable="false"
        viewBox="0 0 24 24"
      >
        <path
          d="M19 13h-6v6h-2v-6H5v-2h6V5h2v6h6z"
        />
      </svg>
    </button>
  </div>
</div>
`;
